components/CompactView.tsx(9,47): error TS2339: Property 'setCompactMode' does not exist on type 'AppState'.
components/CompactView.tsx(80,99): error TS2367: This comparison appears to be unintentional because the types 'TaskStatus' and '"completed"' have no overlap.
components/FocusPage.tsx(8,27): error TS2307: Cannot find module './tasks/TaskModals' or its corresponding type declarations.
components/FocusPage.tsx(541,26): error TS2551: Property 'TODO' does not exist on type 'typeof TaskStatus'. Did you mean 'Todo'?
components/FocusPage.tsx(543,7): error TS2322: Type 'number' is not assignable to type 'Date'.
components/SettingsPage.tsx(292,11): error TS2322: Type '(file: File) => Promise<string>' is not assignable to type '(file: File) => Promise<void>'.
  Type 'Promise<string>' is not assignable to type 'Promise<void>'.
    Type 'string' is not assignable to type 'void'.
components/SmartHomeCard.tsx(606,52): error TS2367: This comparison appears to be unintentional because the types 'TaskStatus' and '"completed"' have no overlap.
components/SmartHomeCard.tsx(610,64): error TS2367: This comparison appears to be unintentional because the types 'TaskStatus' and '"completed"' have no overlap.
components/SmartHomeCard.tsx(613,64): error TS2367: This comparison appears to be unintentional because the types 'TaskStatus' and '"completed"' have no overlap.
components/TaskList.tsx(146,18): error TS2345: Argument of type 'Task[]' is not assignable to parameter of type '(prev: Task[]) => Task[]'.
  Type 'Task[]' provides no match for the signature '(prev: Task[]): Task[]'.
components/TopNavBar.tsx(219,60): error TS2339: Property 'addFriend' does not exist on type 'MessageState'.
components/Whiteboard.tsx(14,13): error TS2339: Property 'currentUser' does not exist on type 'AppState'.
services/openRouterService.ts(99,13): error TS2322: Type 'number' is not assignable to type 'string'.
services/openRouterService.ts(102,13): error TS2322: Type 'TaskPriority' is not assignable to type 'Priority'.
services/openRouterService.ts(107,32): error TS2551: Property 'TODO' does not exist on type 'typeof TaskStatus'. Did you mean 'Todo'?
services/openRouterService.ts(109,13): error TS2322: Type '{ id: number; title: any; duration: any; isCompleted: false; }[]' is not assignable to type 'Subtask[]'.
  Type '{ id: number; title: any; duration: any; isCompleted: false; }' is not assignable to type 'Subtask'.
    Types of property 'id' are incompatible.
      Type 'number' is not assignable to type 'string'.
